[demo-egenslab.b-cdn.net/html/neckle/preview/index3.html]
[demo-egenslab.b-cdn.net/html/neckle/preview/assets/css/bootstrap.min.css]
[demo-egenslab.b-cdn.net/html/neckle/preview/assets/css/jquery-ui.css]
[demo-egenslab.b-cdn.net/html/neckle/preview/assets/css/bootstrap-icons.css]
[demo-egenslab.b-cdn.net/html/neckle/preview/assets/css/all.min.css]
[demo-egenslab.b-cdn.net/html/neckle/preview/assets/css/animate.min.css]
[demo-egenslab.b-cdn.net/html/neckle/preview/assets/css/jquery.fancybox.min.css]
[demo-egenslab.b-cdn.net/html/neckle/preview/assets/css/fontawesome.min.css]
[demo-egenslab.b-cdn.net/html/neckle/preview/assets/css/swiper-bundle.min.css]
[demo-egenslab.b-cdn.net/html/neckle/preview/assets/css/slick.css]
[demo-egenslab.b-cdn.net/html/neckle/preview/assets/css/slick-theme.css]
[demo-egenslab.b-cdn.net/html/neckle/preview/assets/css/magnific-popup.css]
[demo-egenslab.b-cdn.net/html/neckle/preview/assets/css/boxicons.min.css]
[demo-egenslab.b-cdn.net/html/neckle/preview/assets/css/nice-select.css]
[backblue.gif]
[fade.gif]
[index.html]
[demo-egenslab.b-cdn.net/html/neckle/preview/assets/css/style.css]
[demo-egenslab.b-cdn.net/html/neckle/preview/assets/img/sm-logo.svg]
[demo-egenslab.b-cdn.net/html/neckle/preview/assets/img/home1/login-img.png]
[demo-egenslab.b-cdn.net/html/neckle/preview/index.html]
[demo-egenslab.b-cdn.net/html/neckle/preview/assets/img/logo.svg]
[demo-egenslab.b-cdn.net/html/neckle/preview/assets/img/home1/icon/google.svg]
[demo-egenslab.b-cdn.net/html/neckle/preview/assets/img/home1/icon/facebook.svg]
[demo-egenslab.b-cdn.net/html/neckle/preview/assets/img/home1/icon/twiter.svg]
[demo-egenslab.b-cdn.net/html/neckle/preview/assets/img/white-logo.svg]
[demo-egenslab.b-cdn.net/html/neckle/preview/index2.html]
[demo-egenslab.b-cdn.net/html/neckle/preview/index4.html]
[demo-egenslab.b-cdn.net/html/neckle/preview/index5.html]
[demo-egenslab.b-cdn.net/html/neckle/preview/index6.html]
[demo-egenslab.b-cdn.net/html/neckle/preview/poperty-listing-no-sidebar.html]
[demo-egenslab.b-cdn.net/html/neckle/preview/assets/img/menu-icon/panama.svg]
[demo-egenslab.b-cdn.net/html/neckle/preview/assets/img/menu-icon/sydne.svg]
[demo-egenslab.b-cdn.net/html/neckle/preview/assets/img/menu-icon/melbourne.svg]
[demo-egenslab.b-cdn.net/html/neckle/preview/assets/img/menu-icon/delhi.svg]
[demo-egenslab.b-cdn.net/html/neckle/preview/assets/img/menu-icon/newYork.svg]
[demo-egenslab.b-cdn.net/html/neckle/preview/assets/img/menu-icon/menchester.svg]
[demo-egenslab.b-cdn.net/html/neckle/preview/assets/img/menu-icon/greece.svg]
[demo-egenslab.b-cdn.net/html/neckle/preview/assets/img/menu-icon/abudabi.svg]
[demo-egenslab.b-cdn.net/html/neckle/preview/blog-details.html]
[demo-egenslab.b-cdn.net/html/neckle/preview/assets/img/home1/insights-img.png]
[demo-egenslab.b-cdn.net/html/neckle/preview/blog-details]
[demo-egenslab.b-cdn.net/html/neckle/preview/about.html]
[demo-egenslab.b-cdn.net/html/neckle/preview/poperty-deatils1.html]
[demo-egenslab.b-cdn.net/html/neckle/preview/poperty-deatils2.html]
[demo-egenslab.b-cdn.net/html/neckle/preview/property-listing-left-sidebar.html]
[demo-egenslab.b-cdn.net/html/neckle/preview/property-listing-right-sidebar.html]
[demo-egenslab.b-cdn.net/html/neckle/preview/poperty-map-left.html]
[demo-egenslab.b-cdn.net/html/neckle/preview/poperty-map-right.html]
[demo-egenslab.b-cdn.net/html/neckle/preview/poperties-with-map.html]
[demo-egenslab.b-cdn.net/html/neckle/preview/special-offer.html]
[demo-egenslab.b-cdn.net/html/neckle/preview/dashboard.html]
[demo-egenslab.b-cdn.net/html/neckle/preview/shop.html]
[demo-egenslab.b-cdn.net/html/neckle/preview/product-details.html]
[demo-egenslab.b-cdn.net/html/neckle/preview/cart.html]
[demo-egenslab.b-cdn.net/html/neckle/preview/checkout.html]
[demo-egenslab.b-cdn.net/html/neckle/preview/blog-standard.html]
[demo-egenslab.b-cdn.net/html/neckle/preview/pricing-plan.html]
[demo-egenslab.b-cdn.net/html/neckle/preview/pricing-checkout.html]
[demo-egenslab.b-cdn.net/html/neckle/preview/faq.html]
[demo-egenslab.b-cdn.net/html/neckle/preview/error.html]
[demo-egenslab.b-cdn.net/html/neckle/preview/customer-review.html]
[demo-egenslab.b-cdn.net/html/neckle/preview/return-enchange.html]
[demo-egenslab.b-cdn.net/html/neckle/preview/contact.html]
[demo-egenslab.b-cdn.net/html/neckle/preview/dashboard-add-property.html]
[demo-egenslab.b-cdn.net/html/neckle/preview/assets/img/home3/home3-banner-img-1.png]
[demo-egenslab.b-cdn.net/html/neckle/preview/assets/img/home3/home3-banner-img-2.png]
[demo-egenslab.b-cdn.net/html/neckle/preview/assets/img/home3/home3-banner-img-4.png]
[demo-egenslab.b-cdn.net/html/neckle/preview/assets/img/home1/icon/trustpilot-star2.svg]
[demo-egenslab.b-cdn.net/html/neckle/preview/assets/img/home2/icon/trustpilot-logo2.svg]
[demo-egenslab.b-cdn.net/html/neckle/preview/assets/img/home3/city-01.png]
[demo-egenslab.b-cdn.net/html/neckle/preview/assets/img/home3/city-02.png]
[demo-egenslab.b-cdn.net/html/neckle/preview/assets/img/home3/city-03.png]
[demo-egenslab.b-cdn.net/html/neckle/preview/assets/img/home3/city-04.png]
[demo-egenslab.b-cdn.net/html/neckle/preview/assets/img/home2/icon/author-signature.svg]
[demo-egenslab.b-cdn.net/html/neckle/preview/assets/img/home3/about.svg]
[demo-egenslab.b-cdn.net/html/neckle/preview/assets/img/home3/about-img-11.png]
[demo-egenslab.b-cdn.net/html/neckle/preview/assets/img/home3/about-img-12.png]
[demo-egenslab.b-cdn.net/html/neckle/preview/assets/img/home3/about-img-13.png]
[demo-egenslab.b-cdn.net/html/neckle/preview/assets/img/home3/about-img-14.png]
[demo-egenslab.b-cdn.net/html/neckle/preview/assets/img/home3/about-img-15.png]
[demo-egenslab.b-cdn.net/html/neckle/preview/assets/img/home3/about-img-16.png]
[demo-egenslab.b-cdn.net/html/neckle/preview/assets/img/home1/icon/av-project.svg]
[demo-egenslab.b-cdn.net/html/neckle/preview/assets/img/home1/icon/sold-car.svg]
[demo-egenslab.b-cdn.net/html/neckle/preview/assets/img/home1/icon/new-home.svg]
[demo-egenslab.b-cdn.net/html/neckle/preview/assets/img/home1/icon/happy-customar.svg]
[demo-egenslab.b-cdn.net/html/neckle/preview/assets/img/home1/company-logo-01.png]
[demo-egenslab.b-cdn.net/html/neckle/preview/assets/img/home1/company-logo-02.png]
[demo-egenslab.b-cdn.net/html/neckle/preview/assets/img/home1/company-logo-03.png]
[demo-egenslab.b-cdn.net/html/neckle/preview/assets/img/home1/company-logo-04.png]
[demo-egenslab.b-cdn.net/html/neckle/preview/assets/img/home1/company-logo-05.png]
[demo-egenslab.b-cdn.net/html/neckle/preview/assets/img/home1/company-logo-06.png]
[demo-egenslab.b-cdn.net/html/neckle/preview/assets/img/home3/featured-img-01.png]
[demo-egenslab.b-cdn.net/html/neckle/preview/assets/img/home3/featured-img-02.png]
[demo-egenslab.b-cdn.net/html/neckle/preview/assets/img/home3/featured-img-03.png]
[demo-egenslab.b-cdn.net/html/neckle/preview/assets/img/home3/featured-img-04.png]
[demo-egenslab.b-cdn.net/html/neckle/preview/assets/img/home1/icon/trustpilot-logo.svg]
[demo-egenslab.b-cdn.net/html/neckle/preview/assets/img/home3/rlc-01.png]
[demo-egenslab.b-cdn.net/html/neckle/preview/assets/img/home3/rlc-02.png]
[demo-egenslab.b-cdn.net/html/neckle/preview/assets/img/home3/rlc-03.png]
[demo-egenslab.b-cdn.net/html/neckle/preview/assets/img/home3/rlc-04.png]
[demo-egenslab.b-cdn.net/html/neckle/preview/assets/img/home1/icon/bed2.svg]
[demo-egenslab.b-cdn.net/html/neckle/preview/assets/img/home1/icon/bath2.svg]
[demo-egenslab.b-cdn.net/html/neckle/preview/assets/img/home1/icon/size2.svg]
[demo-egenslab.b-cdn.net/html/neckle/preview/assets/img/home3/home3-inner-banner-img.png]
[demo-egenslab.b-cdn.net/html/neckle/preview/assets/img/home1/team-img-01.png]
[demo-egenslab.b-cdn.net/html/neckle/preview/assets/img/home1/icon/contact.svg]
[demo-egenslab.b-cdn.net/html/neckle/preview/assets/img/home1/team-img-02.png]
[demo-egenslab.b-cdn.net/html/neckle/preview/assets/img/home1/team-img-03.png]
[demo-egenslab.b-cdn.net/html/neckle/preview/assets/img/home1/team-img-04.png]
[demo-egenslab.b-cdn.net/html/neckle/preview/assets/img/home3/home3-testi-01.png]
[demo-egenslab.b-cdn.net/html/neckle/preview/assets/img/home3/home3-testi-02.png]
[demo-egenslab.b-cdn.net/html/neckle/preview/assets/img/home3/home3-testi-03.png]
[demo-egenslab.b-cdn.net/html/neckle/preview/assets/img/home3/home3-testi-04.png]
[demo-egenslab.b-cdn.net/html/neckle/preview/assets/img/home3/home3-testi-05.png]
[demo-egenslab.b-cdn.net/html/neckle/preview/assets/img/home3/home3-testi-06.png]
[demo-egenslab.b-cdn.net/html/neckle/preview/assets/img/home3/icon/quat.svg]
[demo-egenslab.b-cdn.net/html/neckle/preview/assets/img/home3/home3-testi-main-01.png]
[demo-egenslab.b-cdn.net/html/neckle/preview/assets/img/home1/icon/trustpilot-star.svg]
[demo-egenslab.b-cdn.net/html/neckle/preview/assets/img/home3/home3-testi-main-02.png]
[demo-egenslab.b-cdn.net/html/neckle/preview/assets/img/home3/home3-testi-main-03.png]
[demo-egenslab.b-cdn.net/html/neckle/preview/assets/img/home1/news-01.png]
[demo-egenslab.b-cdn.net/html/neckle/preview/assets/img/home1/author-01.png]
[demo-egenslab.b-cdn.net/html/neckle/preview/assets/img/home1/news-02.png]
[demo-egenslab.b-cdn.net/html/neckle/preview/assets/img/home1/author-02.png]
[demo-egenslab.b-cdn.net/html/neckle/preview/assets/img/home1/news-03.png]
[demo-egenslab.b-cdn.net/html/neckle/preview/assets/img/home1/author-03.png]
[demo-egenslab.b-cdn.net/html/neckle/preview/assets/img/home1/icon/google-app.svg]
[demo-egenslab.b-cdn.net/html/neckle/preview/assets/img/home1/icon/apple-app.svg]
[demo-egenslab.b-cdn.net/html/neckle/preview/assets/img/footer-logo.svg]
[demo-egenslab.b-cdn.net/cdn-cgi/scripts/5c5dd728/cloudflare-static/email-decode.min.js]
[demo-egenslab.b-cdn.net/html/neckle/preview/assets/js/jquery-3.7.0.min.js]
[demo-egenslab.b-cdn.net/html/neckle/preview/assets/js/jquery-ui.js]
[demo-egenslab.b-cdn.net/html/neckle/preview/assets/js/bootstrap.min.js]
[demo-egenslab.b-cdn.net/html/neckle/preview/assets/js/popper.min.js]
[demo-egenslab.b-cdn.net/html/neckle/preview/assets/js/swiper-bundle.min.js]
[demo-egenslab.b-cdn.net/html/neckle/preview/assets/js/slick.js]
[demo-egenslab.b-cdn.net/html/neckle/preview/assets/js/waypoints.min.js]
[demo-egenslab.b-cdn.net/html/neckle/preview/assets/js/wow.min.js]
[demo-egenslab.b-cdn.net/html/neckle/preview/assets/js/jquery.counterup.min.js]
[demo-egenslab.b-cdn.net/html/neckle/preview/assets/js/isotope.pkgd.min.js]
[demo-egenslab.b-cdn.net/html/neckle/preview/assets/js/jquery.magnific-popup.min.js]
[demo-egenslab.b-cdn.net/html/neckle/preview/assets/js/gsap.min.js]
[demo-egenslab.b-cdn.net/html/neckle/preview/assets/js/simpleParallax.min.js]
[demo-egenslab.b-cdn.net/html/neckle/preview/assets/js/TweenMax.min.js]
[demo-egenslab.b-cdn.net/html/neckle/preview/assets/js/jquery.marquee.min.js]
[demo-egenslab.b-cdn.net/html/neckle/preview/assets/js/jquery.nice-select.min.js]
[demo-egenslab.b-cdn.net/html/neckle/preview/assets/js/jquery.fancybox.min.js]
[demo-egenslab.b-cdn.net/html/neckle/preview/index3.html]
[demo-egenslab.b-cdn.net/html/neckle/preview/assets/css/bootstrap.min.css]
[demo-egenslab.b-cdn.net/html/neckle/preview/assets/css/jquery-ui.css]
[demo-egenslab.b-cdn.net/html/neckle/preview/assets/js/custom.js]
[demo-egenslab.b-cdn.net/html/neckle/preview/assets/webfonts/bootstrap-iconsbe27.woff2]
[demo-egenslab.b-cdn.net/html/neckle/preview/assets/webfonts/bootstrap-iconsbe27.woff]
[demo-egenslab.b-cdn.net/html/neckle/preview/assets/css/bootstrap-icons.css]
[demo-egenslab.b-cdn.net/html/neckle/preview/assets/webfonts/fa-brands-400.eot]
[demo-egenslab.b-cdn.net/html/neckle/preview/assets/webfonts/fa-brands-400d41d.eot]
[demo-egenslab.b-cdn.net/html/neckle/preview/assets/webfonts/fa-brands-400.woff2]
[demo-egenslab.b-cdn.net/html/neckle/preview/assets/webfonts/fa-brands-400.woff]
[demo-egenslab.b-cdn.net/html/neckle/preview/assets/webfonts/fa-brands-400.ttf]
[demo-egenslab.b-cdn.net/html/neckle/preview/assets/webfonts/fa-regular-400.eot]
[demo-egenslab.b-cdn.net/html/neckle/preview/assets/webfonts/fa-regular-400d41d.eot]
[demo-egenslab.b-cdn.net/html/neckle/preview/assets/webfonts/fa-regular-400.woff2]
[demo-egenslab.b-cdn.net/html/neckle/preview/assets/webfonts/fa-brands-400.svg]
[demo-egenslab.b-cdn.net/html/neckle/preview/assets/webfonts/fa-regular-400.woff]
[demo-egenslab.b-cdn.net/html/neckle/preview/assets/webfonts/fa-regular-400.ttf]
[demo-egenslab.b-cdn.net/html/neckle/preview/assets/webfonts/fa-regular-400.svg]
[demo-egenslab.b-cdn.net/html/neckle/preview/assets/webfonts/fa-solid-900.eot]
[demo-egenslab.b-cdn.net/html/neckle/preview/assets/webfonts/fa-solid-900d41d.eot]
[demo-egenslab.b-cdn.net/html/neckle/preview/assets/webfonts/fa-solid-900.woff2]
[demo-egenslab.b-cdn.net/html/neckle/preview/assets/webfonts/fa-solid-900.woff]
[demo-egenslab.b-cdn.net/html/neckle/preview/assets/webfonts/fa-solid-900.ttf]
[demo-egenslab.b-cdn.net/html/neckle/preview/assets/css/all.min.css]
[demo-egenslab.b-cdn.net/html/neckle/preview/assets/css/animate.min.css]
[demo-egenslab.b-cdn.net/html/neckle/preview/assets/css/jquery.fancybox.min.css]
[demo-egenslab.b-cdn.net/html/neckle/preview/assets/css/fontawesome.min.css]
[demo-egenslab.b-cdn.net/html/neckle/preview/assets/css/swiper-bundle.min.css]
[demo-egenslab.b-cdn.net/html/neckle/preview/assets/css/slick.css]
[demo-egenslab.b-cdn.net/html/neckle/preview/assets/webfonts/fa-solid-900.svg]
[demo-egenslab.b-cdn.net/html/neckle/preview/assets/css/ajax-loader.gif]
[demo-egenslab.b-cdn.net/html/neckle/preview/assets/css/fonts/slick.eot]
[demo-egenslab.b-cdn.net/html/neckle/preview/assets/css/fonts/slickd41d.eot]
[demo-egenslab.b-cdn.net/html/neckle/preview/assets/css/fonts/slick.woff]
[demo-egenslab.b-cdn.net/html/neckle/preview/assets/css/fonts/slick.ttf]
[demo-egenslab.b-cdn.net/html/neckle/preview/assets/css/slick-theme.css]
[demo-egenslab.b-cdn.net/html/neckle/preview/assets/css/magnific-popup.css]
[demo-egenslab.b-cdn.net/html/neckle/preview/assets/css/fonts/slick.svg]
[demo-egenslab.b-cdn.net/html/neckle/preview/assets/fonts/boxicons.eot]
[demo-egenslab.b-cdn.net/html/neckle/preview/assets/fonts/boxicons.woff2]
[demo-egenslab.b-cdn.net/html/neckle/preview/assets/fonts/boxicons.woff]
[demo-egenslab.b-cdn.net/html/neckle/preview/assets/fonts/boxicons.ttf]
[demo-egenslab.b-cdn.net/html/neckle/preview/assets/css/boxicons.min.css]
[demo-egenslab.b-cdn.net/html/neckle/preview/assets/css/nice-select.css]
[demo-egenslab.b-cdn.net/html/neckle/preview/assets/fonts/boxiconsd41d.svg]
[demo-egenslab.b-cdn.net/html/neckle/preview/assets/img/inner-page/icon/checkbox-check.svg]
[demo-egenslab.b-cdn.net/html/neckle/preview/assets/img/home1/bannar1-bg.png]
[demo-egenslab.b-cdn.net/html/neckle/preview/assets/img/home1/about-text-bg.png]
[demo-egenslab.b-cdn.net/html/neckle/preview/assets/img/home1/icon/arrow-left.svg]
[demo-egenslab.b-cdn.net/html/neckle/preview/assets/img/home1/icon/arrow-right.svg]
[demo-egenslab.b-cdn.net/html/neckle/preview/assets/img/home1/why-choose-bg.png]
[demo-egenslab.b-cdn.net/html/neckle/preview/assets/img/home1/customer-feedbac-bg1.png]
[demo-egenslab.b-cdn.net/html/neckle/preview/assets/img/home2/dream-car-bg.png]
[demo-egenslab.b-cdn.net/html/neckle/preview/assets/img/home3/home3-how-it-work-bg.png]
[demo-egenslab.b-cdn.net/html/neckle/preview/assets/img/home3/about-bg.png]
[demo-egenslab.b-cdn.net/html/neckle/preview/assets/img/home4/hme4-banner-bg.png]
[demo-egenslab.b-cdn.net/html/neckle/preview/assets/img/home5/home5-why-choose-bg.png]
[demo-egenslab.b-cdn.net/html/neckle/preview/assets/img/home6/banner-bg.png]
[demo-egenslab.b-cdn.net/html/neckle/preview/assets/img/home6/icon/banner-shep.svg]
[demo-egenslab.b-cdn.net/html/neckle/preview/assets/img/home6/home6-apartment-bg.png]
[demo-egenslab.b-cdn.net/html/neckle/preview/assets/img/inner-page/inner-bg.png]
[demo-egenslab.b-cdn.net/html/neckle/preview/assets/img/inner-page/discount-img.png]
[demo-egenslab.b-cdn.net/html/neckle/preview/assets/img/inner-page/icon/black-sharp.svg]
[demo-egenslab.b-cdn.net/html/neckle/preview/assets/img/inner-page/icon/red-sharp.svg]
[demo-egenslab.b-cdn.net/html/neckle/preview/assets/img/inner-page/icon/checkbox-check2.svg]
[demo-egenslab.b-cdn.net/html/neckle/preview/assets/img/inner-page/sidebar-banner-bg.png]
[demo-egenslab.b-cdn.net/html/neckle/preview/assets/img/dashboard/property-img.png]
[demo-egenslab.b-cdn.net/html/neckle/preview/assets/img/dashboard/icon/dashboard-switch-icon.svg]
[demo-egenslab.b-cdn.net/html/neckle/preview/assets/img/dashboard/icon/add-property-check-icon.svg]
[demo-egenslab.b-cdn.net/html/neckle/preview/assets/css/style.css]
[demo-egenslab.b-cdn.net/html/neckle/preview/assets/img/sm-logo.svg]
[demo-egenslab.b-cdn.net/html/neckle/preview/assets/img/dashboard/icon/feature-check-icon.svg]
[demo-egenslab.b-cdn.net/html/neckle/preview/assets/img/home1/icon/hotline-icon.svg]
[demo-egenslab.b-cdn.net/html/neckle/preview/assets/img/home1/icon/trstpilot-logo.svg]
[demo-egenslab.b-cdn.net/html/neckle/preview/assets/img/home1/banner-img-01.png]
[demo-egenslab.b-cdn.net/html/neckle/preview/assets/img/home1/icon/bed.svg]
[demo-egenslab.b-cdn.net/html/neckle/preview/assets/img/home1/icon/bath.svg]
[demo-egenslab.b-cdn.net/html/neckle/preview/assets/img/home1/icon/size.svg]
[demo-egenslab.b-cdn.net/html/neckle/preview/assets/img/home1/banner-img-02.png]
[demo-egenslab.b-cdn.net/html/neckle/preview/assets/img/home1/banner-img-03.png]
[demo-egenslab.b-cdn.net/html/neckle/preview/assets/img/home1/home1-about-img.png]
[demo-egenslab.b-cdn.net/html/neckle/preview/assets/img/home1/icon/gallery-icon-1.svg]
[demo-egenslab.b-cdn.net/html/neckle/preview/assets/img/home1/product-img-1.png]
[demo-egenslab.b-cdn.net/html/neckle/preview/assets/img/home1/product-img-2.png]
[demo-egenslab.b-cdn.net/html/neckle/preview/assets/img/home1/product-img-3.png]
[demo-egenslab.b-cdn.net/html/neckle/preview/assets/img/home1/product-img-4.png]
[demo-egenslab.b-cdn.net/html/neckle/preview/assets/img/home1/icon/house.svg]
[demo-egenslab.b-cdn.net/html/neckle/preview/assets/img/home1/product-img-5.png]
[demo-egenslab.b-cdn.net/html/neckle/preview/assets/img/home1/product-img-6.png]
[demo-egenslab.b-cdn.net/html/neckle/preview/assets/img/home1/product-img-7.png]
[demo-egenslab.b-cdn.net/html/neckle/preview/assets/img/home1/product-img-8.png]
[demo-egenslab.b-cdn.net/html/neckle/preview/assets/img/home1/product-img-9.png]
[demo-egenslab.b-cdn.net/html/neckle/preview/assets/img/home1/product-img-10.png]
[demo-egenslab.b-cdn.net/html/neckle/preview/assets/img/home1/icon/affordable.svg]
[demo-egenslab.b-cdn.net/html/neckle/preview/assets/img/home1/icon/guarantee.svg]
[demo-egenslab.b-cdn.net/html/neckle/preview/assets/img/home1/icon/warranty.svg]
[demo-egenslab.b-cdn.net/html/neckle/preview/assets/img/home1/project-location-01.png]
[demo-egenslab.b-cdn.net/html/neckle/preview/assets/img/home1/project-location-02.png]
[demo-egenslab.b-cdn.net/html/neckle/preview/assets/img/home1/project-location-03.png]
[demo-egenslab.b-cdn.net/html/neckle/preview/assets/img/home1/project-location-04.png]
[demo-egenslab.b-cdn.net/html/neckle/preview/assets/img/home1/aparment-img.png]
[demo-egenslab.b-cdn.net/html/neckle/preview/assets/img/home1/Divider.svg]
[demo-egenslab.b-cdn.net/html/neckle/preview/assets/img/home1/icon/trustpilot-star3.svg]
[demo-egenslab.b-cdn.net/html/neckle/preview/assets/img/home1/icon/trustpilot-log3.svg]
[demo-egenslab.b-cdn.net/html/neckle/preview/index.html]
[demo-egenslab.b-cdn.net/html/neckle/preview/assets/img/logo.svg]
[demo-egenslab.b-cdn.net/html/neckle/preview/assets/img/home1/icon/google.svg]
[demo-egenslab.b-cdn.net/html/neckle/preview/assets/img/home1/icon/facebook.svg]
[demo-egenslab.b-cdn.net/html/neckle/preview/assets/img/home1/icon/twiter.svg]
[demo-egenslab.b-cdn.net/html/neckle/preview/assets/img/white-logo.svg]
[demo-egenslab.b-cdn.net/html/neckle/preview/assets/img/home1/icon/google3.svg]
[demo-egenslab.b-cdn.net/html/neckle/preview/assets/img/sb-logo.svg]
[demo-egenslab.b-cdn.net/html/neckle/preview/assets/img/home2/icon/home2-logo.svg]
[demo-egenslab.b-cdn.net/html/neckle/preview/assets/img/home2/bannar2-bg.png]
[demo-egenslab.b-cdn.net/html/neckle/preview/assets/img/home2/bannar2-bg2.png]
[demo-egenslab.b-cdn.net/html/neckle/preview/assets/img/home2/bannar2-bg3.png]
[demo-egenslab.b-cdn.net/html/neckle/preview/assets/img/home2/icon/text-slider-vec.svg]
[demo-egenslab.b-cdn.net/html/neckle/preview/assets/img/home2/home2-about-img1.png]
[demo-egenslab.b-cdn.net/html/neckle/preview/assets/img/home2/icon/home1.svg]
[demo-egenslab.b-cdn.net/html/neckle/preview/assets/img/home2/home2-about-img2.png]
[demo-egenslab.b-cdn.net/html/neckle/preview/assets/img/home2/icon/home.svg]
[demo-egenslab.b-cdn.net/html/neckle/preview/assets/img/home2/icon/industrial.svg]
[demo-egenslab.b-cdn.net/html/neckle/preview/assets/img/home2/icon/devlopment.svg]
[demo-egenslab.b-cdn.net/html/neckle/preview/assets/img/home2/icon/hotel.svg]
[demo-egenslab.b-cdn.net/html/neckle/preview/assets/img/home2/icon/health-care.svg]
[demo-egenslab.b-cdn.net/html/neckle/preview/assets/img/home2/icon/office.svg]
[demo-egenslab.b-cdn.net/html/neckle/preview/assets/img/home2/icon/panama.svg]
[demo-egenslab.b-cdn.net/html/neckle/preview/assets/img/home2/icon/sydne.svg]
[demo-egenslab.b-cdn.net/html/neckle/preview/assets/img/home2/icon/delhi.svg]
[demo-egenslab.b-cdn.net/html/neckle/preview/assets/img/home2/icon/new-work.svg]
[demo-egenslab.b-cdn.net/html/neckle/preview/assets/img/home2/icon/merchester.svg]
[demo-egenslab.b-cdn.net/html/neckle/preview/assets/img/home2/icon/abu-dabi.svg]
[demo-egenslab.b-cdn.net/html/neckle/preview/brand-category.html]
[demo-egenslab.b-cdn.net/html/neckle/preview/assets/img/home2/city-01.png]
[demo-egenslab.b-cdn.net/html/neckle/preview/assets/img/home2/city-02.png]
[demo-egenslab.b-cdn.net/html/neckle/preview/assets/img/home2/city-03.png]
[demo-egenslab.b-cdn.net/html/neckle/preview/assets/img/home2/city-04.png]
[demo-egenslab.b-cdn.net/html/neckle/preview/assets/img/home2/icon/affordable.svg]
[demo-egenslab.b-cdn.net/html/neckle/preview/assets/img/home2/icon/guarantee.svg]
[demo-egenslab.b-cdn.net/html/neckle/preview/assets/img/home2/icon/outstanding.svg]
[demo-egenslab.b-cdn.net/html/neckle/preview/assets/img/home2/icon/house-1.svg]
[demo-egenslab.b-cdn.net/html/neckle/preview/assets/img/home2/choose-01.png]
[demo-egenslab.b-cdn.net/html/neckle/preview/assets/img/home2/choose-02.png]
[demo-egenslab.b-cdn.net/html/neckle/preview/assets/img/home2/feature-1.png]
[demo-egenslab.b-cdn.net/html/neckle/preview/assets/img/home2/icon/bed1.svg]
[demo-egenslab.b-cdn.net/html/neckle/preview/assets/img/home2/icon/bath1.svg]
[demo-egenslab.b-cdn.net/html/neckle/preview/assets/img/home2/icon/size1.svg]
[demo-egenslab.b-cdn.net/html/neckle/preview/assets/img/home2/feature-2.png]
[demo-egenslab.b-cdn.net/html/neckle/preview/assets/img/home2/feature-3.png]
[demo-egenslab.b-cdn.net/html/neckle/preview/assets/img/home2/feature-4.png]
[demo-egenslab.b-cdn.net/html/neckle/preview/assets/img/home2/icon/loaction.svg]
[demo-egenslab.b-cdn.net/html/neckle/preview/assets/img/home2/icon/contact.svg]
[demo-egenslab.b-cdn.net/html/neckle/preview/assets/img/home2/icon/pay.svg]
[demo-egenslab.b-cdn.net/html/neckle/preview/assets/img/home2/icon/recieve.svg]
[demo-egenslab.b-cdn.net/html/neckle/preview/assets/img/home2/aparment-img.png]
[demo-egenslab.b-cdn.net/html/neckle/preview/index2.html]
[demo-egenslab.b-cdn.net/html/neckle/preview/assets/img/home2/icon/trustpilot-logo3.svg]
[demo-egenslab.b-cdn.net/html/neckle/preview/assets/img/home4/about-01.png]
[demo-egenslab.b-cdn.net/html/neckle/preview/assets/img/home4/about-02.png]
[demo-egenslab.b-cdn.net/html/neckle/preview/assets/img/home4/about-03.png]
[demo-egenslab.b-cdn.net/html/neckle/preview/assets/img/home4/about-04.png]
[demo-egenslab.b-cdn.net/html/neckle/preview/assets/img/home4/letest-car1.png]
[demo-egenslab.b-cdn.net/html/neckle/preview/assets/img/home4/letest-car3.png]
[demo-egenslab.b-cdn.net/html/neckle/preview/assets/img/home4/letest-car2.png]
[demo-egenslab.b-cdn.net/html/neckle/preview/assets/img/home4/city-01.png]
[demo-egenslab.b-cdn.net/html/neckle/preview/assets/img/home4/city-02.png]
[demo-egenslab.b-cdn.net/html/neckle/preview/assets/img/home4/city-03.png]
[demo-egenslab.b-cdn.net/html/neckle/preview/assets/img/home4/inner-banner-img2.png]
[demo-egenslab.b-cdn.net/html/neckle/preview/assets/img/home4/team-img-01.png]
[demo-egenslab.b-cdn.net/html/neckle/preview/assets/img/home4/team-img-02.png]
[demo-egenslab.b-cdn.net/html/neckle/preview/assets/img/home4/team-img-03.png]
[demo-egenslab.b-cdn.net/html/neckle/preview/index4.html]
[demo-egenslab.b-cdn.net/html/neckle/preview/assets/img/home5/home5-banner-img-01.png]
[demo-egenslab.b-cdn.net/html/neckle/preview/assets/img/home5/home5-banner-img-02.png]
[demo-egenslab.b-cdn.net/html/neckle/preview/assets/img/home5/home5-banner-img-03.png]
[demo-egenslab.b-cdn.net/html/neckle/preview/assets/img/home5/icon/p-complete.svg]
[demo-egenslab.b-cdn.net/html/neckle/preview/assets/img/home5/icon/p-sold.svg]
[demo-egenslab.b-cdn.net/html/neckle/preview/assets/img/home5/icon/experience.svg]
[demo-egenslab.b-cdn.net/html/neckle/preview/assets/img/home5/icon/c-satisfaction.svg]
[demo-egenslab.b-cdn.net/html/neckle/preview/assets/img/home5/icon/banglow.svg]
[demo-egenslab.b-cdn.net/html/neckle/preview/assets/img/home5/icon/apartment.svg]
[demo-egenslab.b-cdn.net/html/neckle/preview/assets/img/home5/icon/devlopment.svg]
[demo-egenslab.b-cdn.net/html/neckle/preview/assets/img/home5/icon/industrial.svg]
[demo-egenslab.b-cdn.net/html/neckle/preview/assets/img/home5/icon/health.svg]
[demo-egenslab.b-cdn.net/html/neckle/preview/assets/img/home5/icon/villa.svg]
[demo-egenslab.b-cdn.net/html/neckle/preview/assets/img/home5/choose-img-01.png]
[demo-egenslab.b-cdn.net/html/neckle/preview/assets/img/home5/choose-img-02.png]
[demo-egenslab.b-cdn.net/html/neckle/preview/assets/img/home5/choose-img-03.png]
[demo-egenslab.b-cdn.net/html/neckle/preview/index5.html]
[demo-egenslab.b-cdn.net/html/neckle/preview/assets/img/home6/icon/banner-icon.svg]
[demo-egenslab.b-cdn.net/html/neckle/preview/assets/img/home6/banner-img-01.png]
[demo-egenslab.b-cdn.net/html/neckle/preview/assets/img/home6/banner-img-02.png]
[demo-egenslab.b-cdn.net/html/neckle/preview/assets/img/home6/banner-img-03.png]
[demo-egenslab.b-cdn.net/html/neckle/preview/assets/img/home6/home6-about-img.png]
[demo-egenslab.b-cdn.net/html/neckle/preview/assets/img/home6/home6-inner-banner-img.png]
[demo-egenslab.b-cdn.net/html/neckle/preview/assets/img/home6/product-img-01.png]
[demo-egenslab.b-cdn.net/html/neckle/preview/assets/img/home6/product-img-02.png]
[demo-egenslab.b-cdn.net/html/neckle/preview/assets/img/home6/product-img-03.png]
[demo-egenslab.b-cdn.net/html/neckle/preview/assets/img/home6/product-img-04.png]
[demo-egenslab.b-cdn.net/html/neckle/preview/assets/img/home6/product-img-05.png]
[demo-egenslab.b-cdn.net/html/neckle/preview/assets/img/home6/product-img-06.png]
[demo-egenslab.b-cdn.net/html/neckle/preview/assets/img/home6/team-img-01.png]
[demo-egenslab.b-cdn.net/html/neckle/preview/assets/img/home6/team-img-02.png]
[demo-egenslab.b-cdn.net/html/neckle/preview/assets/img/home6/team-img-03.png]
[demo-egenslab.b-cdn.net/html/neckle/preview/index6.html]
[demo-egenslab.b-cdn.net/html/neckle/preview/assets/img/white-logo2.svg]
[demo-egenslab.b-cdn.net/html/neckle/preview/assets/img/inner-page/product-sb-img-01.png]
[demo-egenslab.b-cdn.net/html/neckle/preview/assets/img/inner-page/product-sb-img-02.png]
[demo-egenslab.b-cdn.net/html/neckle/preview/assets/img/inner-page/product-sb-img-03.png]
[demo-egenslab.b-cdn.net/html/neckle/preview/assets/img/inner-page/product-sb-img-04.png]
[demo-egenslab.b-cdn.net/html/neckle/preview/assets/img/inner-page/product-sb-img-08.png]
[demo-egenslab.b-cdn.net/html/neckle/preview/assets/img/inner-page/product-sb-img-05.png]
[demo-egenslab.b-cdn.net/html/neckle/preview/assets/img/inner-page/product-sb-img-06.png]
[demo-egenslab.b-cdn.net/html/neckle/preview/assets/img/inner-page/product-sb-img-07.png]
[demo-egenslab.b-cdn.net/html/neckle/preview/assets/img/inner-page/product-sb-img-09.png]
[demo-egenslab.b-cdn.net/html/neckle/preview/assets/img/inner-page/product-sb-img-12.png]
[demo-egenslab.b-cdn.net/html/neckle/preview/poperty-listing-no-sidebar.html]
[demo-egenslab.b-cdn.net/html/neckle/preview/assets/img/menu-icon/panama.svg]
[demo-egenslab.b-cdn.net/html/neckle/preview/assets/img/menu-icon/sydne.svg]
[demo-egenslab.b-cdn.net/html/neckle/preview/assets/img/menu-icon/melbourne.svg]
[demo-egenslab.b-cdn.net/html/neckle/preview/assets/img/menu-icon/delhi.svg]
[demo-egenslab.b-cdn.net/html/neckle/preview/assets/img/menu-icon/newYork.svg]
[demo-egenslab.b-cdn.net/html/neckle/preview/assets/img/menu-icon/menchester.svg]
[demo-egenslab.b-cdn.net/html/neckle/preview/assets/img/menu-icon/greece.svg]
[demo-egenslab.b-cdn.net/html/neckle/preview/assets/img/menu-icon/abudabi.svg]
[demo-egenslab.b-cdn.net/html/neckle/preview/assets/img/inner-page/blog-st-01.png]
[demo-egenslab.b-cdn.net/html/neckle/preview/assets/img/inner-page/blog-dt-img1.png]
[demo-egenslab.b-cdn.net/html/neckle/preview/assets/img/inner-page/blog-dt-img2.png]
[demo-egenslab.b-cdn.net/html/neckle/preview/assets/img/inner-page/comment-author-01.png]
[demo-egenslab.b-cdn.net/html/neckle/preview/assets/img/inner-page/comment-author-02.png]
[demo-egenslab.b-cdn.net/html/neckle/preview/assets/img/inner-page/comment-author-03.png]
[demo-egenslab.b-cdn.net/html/neckle/preview/assets/img/inner-page/comment-author-04.png]
[demo-egenslab.b-cdn.net/html/neckle/preview/assets/img/inner-page/comment-author-05.png]
[demo-egenslab.b-cdn.net/html/neckle/preview/assets/img/inner-page/blog-st-02.png]
[demo-egenslab.b-cdn.net/html/neckle/preview/assets/img/inner-page/blog-st-03.png]
[demo-egenslab.b-cdn.net/html/neckle/preview/blog-details.html]
[demo-egenslab.b-cdn.net/html/neckle/preview/blog-details-2.html]
[demo-egenslab.b-cdn.net/html/neckle/preview/assets/img/inner-page/brief-history-card-img1.png]
[demo-egenslab.b-cdn.net/html/neckle/preview/assets/img/inner-page/brief-history-card-img2.png]
[demo-egenslab.b-cdn.net/html/neckle/preview/assets/img/inner-page/brief-history-card-img3.png]
[demo-egenslab.b-cdn.net/html/neckle/preview/assets/img/inner-page/brief-history-card-img4.png]
[demo-egenslab.b-cdn.net/html/neckle/preview/about.html]
[demo-egenslab.b-cdn.net/html/neckle/preview/assets/img/inner-page/modal-author.png]
[demo-egenslab.b-cdn.net/html/neckle/preview/assets/img/inner-page/poperty-big-img-01.png]
[demo-egenslab.b-cdn.net/html/neckle/preview/assets/img/inner-page/poperty-img-01.png]
[demo-egenslab.b-cdn.net/html/neckle/preview/assets/img/inner-page/poperty-big-img-02.png]
[demo-egenslab.b-cdn.net/html/neckle/preview/assets/img/inner-page/poperty-img-02.png]
[demo-egenslab.b-cdn.net/html/neckle/preview/assets/img/inner-page/poperty-big-img-03.png]
[demo-egenslab.b-cdn.net/html/neckle/preview/assets/img/inner-page/poperty-img-03.png]
[demo-egenslab.b-cdn.net/html/neckle/preview/assets/img/inner-page/poperty-big-img-04.png]
[demo-egenslab.b-cdn.net/html/neckle/preview/assets/img/inner-page/poperty-img-05.png]
[demo-egenslab.b-cdn.net/html/neckle/preview/assets/img/inner-page/poperty-big-img-05.png]
[demo-egenslab.b-cdn.net/html/neckle/preview/assets/img/inner-page/icon/bed.svg]
[demo-egenslab.b-cdn.net/html/neckle/preview/assets/img/inner-page/icon/villa.svg]
[demo-egenslab.b-cdn.net/html/neckle/preview/assets/img/inner-page/icon/bath.svg]
[demo-egenslab.b-cdn.net/html/neckle/preview/assets/img/inner-page/icon/size.svg]
[demo-egenslab.b-cdn.net/html/neckle/preview/assets/img/inner-page/icon/build-year.svg]
[demo-egenslab.b-cdn.net/html/neckle/preview/assets/img/inner-page/icon/garage.svg]
[demo-egenslab.b-cdn.net/html/neckle/preview/assets/img/inner-page/icon/dimension.svg]
[demo-egenslab.b-cdn.net/html/neckle/preview/assets/img/inner-page/facilities.png]
[demo-egenslab.b-cdn.net/html/neckle/preview/assets/img/inner-page/plan-big-01.png]
[demo-egenslab.b-cdn.net/html/neckle/preview/assets/img/inner-page/plan-01.png]
[demo-egenslab.b-cdn.net/html/neckle/preview/assets/img/inner-page/plan-big-02.png]
[demo-egenslab.b-cdn.net/html/neckle/preview/assets/img/inner-page/plan-02.png]
[demo-egenslab.b-cdn.net/html/neckle/preview/assets/img/inner-page/plan-big-03.png]
[demo-egenslab.b-cdn.net/html/neckle/preview/assets/img/inner-page/plan-03.png]
[demo-egenslab.b-cdn.net/html/neckle/preview/assets/img/inner-page/poperty-video-img.png]
[demo-egenslab.b-cdn.net/html/neckle/preview/assets/video/popup-video.mp4]
[demo-egenslab.b-cdn.net/html/neckle/preview/assets/img/inner-page/poperty-sb-author.png]
[demo-egenslab.b-cdn.net/html/neckle/preview/assets/lesson1.pdf]
[demo-egenslab.b-cdn.net/html/neckle/preview/lesson1.pdf]
[demo-egenslab.b-cdn.net/html/neckle/preview/poperty-deatils1.html]
[demo-egenslab.b-cdn.net/html/neckle/preview/assets/css/intlTelInput.css]
[demo-egenslab.b-cdn.net/html/neckle/preview/assets/img/inner-page/poperty-img-11.png]
[demo-egenslab.b-cdn.net/html/neckle/preview/assets/img/inner-page/street-view-img1.png]
[demo-egenslab.b-cdn.net/html/neckle/preview/assets/img/inner-page/floor-plan-img1.png]
[demo-egenslab.b-cdn.net/html/neckle/preview/assets/img/inner-page/floor-plan-img2.png]
[demo-egenslab.b-cdn.net/html/neckle/preview/poperty-deatils2.html]
[demo-egenslab.b-cdn.net/html/neckle/preview/property-listing-left-sidebar.html]
[demo-egenslab.b-cdn.net/html/neckle/preview/property-listing-right-sidebar.html]
[demo-egenslab.b-cdn.net/html/neckle/preview/assets/js/intlTelInput.min.js]
[demo-egenslab.b-cdn.net/html/neckle/preview/assets/js/map.api.js]
[demo-egenslab.b-cdn.net/html/neckle/preview/poperty-map-left.html]
[demo-egenslab.b-cdn.net/html/neckle/preview/poperty-map-right.html]
[demo-egenslab.b-cdn.net/html/neckle/preview/poperties-with-map.html]
[demo-egenslab.b-cdn.net/html/neckle/preview/assets/js/map.js]
[demo-egenslab.b-cdn.net/html/neckle/preview/special-offer.html]
[demo-egenslab.b-cdn.net/html/neckle/preview/assets/img/dashboard/icon/dashboard-sidebar-logo.svg]
[demo-egenslab.b-cdn.net/html/neckle/preview/assets/img/dashboard/icon/dashboard-sidebar-sm-logo.svg]
[demo-egenslab.b-cdn.net/html/neckle/preview/dashboard-profile.html]
[demo-egenslab.b-cdn.net/html/neckle/preview/dashboard-my-listing.html]
[demo-egenslab.b-cdn.net/html/neckle/preview/dashboard-faqs.html]
[demo-egenslab.b-cdn.net/html/neckle/preview/dashboard-subscription.html]
[demo-egenslab.b-cdn.net/html/neckle/preview/dashboard-message.html]
[demo-egenslab.b-cdn.net/html/neckle/preview/assets/img/dashboard/icon/love-icon.svg]
[demo-egenslab.b-cdn.net/html/neckle/preview/assets/img/dashboard/icon/counter-active-property-icon.svg]
[demo-egenslab.b-cdn.net/html/neckle/preview/assets/img/dashboard/icon/counter-expire-property-icon.svg]
[demo-egenslab.b-cdn.net/html/neckle/preview/assets/img/dashboard/icon/counter-pending-property-icon.svg]
[demo-egenslab.b-cdn.net/html/neckle/preview/assets/img/dashboard/icon/counter-delete-property-icon.svg]
[demo-egenslab.b-cdn.net/html/neckle/preview/assets/img/dashboard/icon/counter-area-top-vector.svg]
[demo-egenslab.b-cdn.net/html/neckle/preview/assets/img/dashboard/property-info-img1.png]
[demo-egenslab.b-cdn.net/html/neckle/preview/assets/img/dashboard/icon/view-details-icon.svg]
[demo-egenslab.b-cdn.net/html/neckle/preview/assets/img/dashboard/icon/action-edit-btn.svg]
[demo-egenslab.b-cdn.net/html/neckle/preview/assets/img/dashboard/icon/action-delete-btn.svg]
[demo-egenslab.b-cdn.net/html/neckle/preview/assets/img/dashboard/property-info-img2.png]
[demo-egenslab.b-cdn.net/html/neckle/preview/assets/img/dashboard/property-info-img3.png]
[demo-egenslab.b-cdn.net/html/neckle/preview/assets/img/dashboard/property-info-img4.png]
[demo-egenslab.b-cdn.net/html/neckle/preview/assets/img/dashboard/message-author-img1.png]
[demo-egenslab.b-cdn.net/html/neckle/preview/assets/img/dashboard/message-author-img2.png]
[demo-egenslab.b-cdn.net/html/neckle/preview/assets/img/dashboard/message-author-img3.png]
[demo-egenslab.b-cdn.net/html/neckle/preview/assets/img/dashboard/message-author-img4.png]
[demo-egenslab.b-cdn.net/html/neckle/preview/assets/img/dashboard/message-author-img5.png]
[demo-egenslab.b-cdn.net/html/neckle/preview/dashboard.html]
[demo-egenslab.b-cdn.net/html/neckle/preview/assets/img/inner-page/recent-prodect-img-01.png]
[demo-egenslab.b-cdn.net/html/neckle/preview/assets/img/inner-page/recent-product-img-02.png]
[demo-egenslab.b-cdn.net/html/neckle/preview/assets/img/inner-page/recent-product-img-03.png]
[demo-egenslab.b-cdn.net/html/neckle/preview/assets/img/inner-page/Product-01.png]
[demo-egenslab.b-cdn.net/html/neckle/preview/assets/img/inner-page/Product-02.png]
[demo-egenslab.b-cdn.net/html/neckle/preview/assets/img/inner-page/Product-03.png]
[demo-egenslab.b-cdn.net/html/neckle/preview/assets/img/inner-page/Product-04.png]
[demo-egenslab.b-cdn.net/html/neckle/preview/assets/img/inner-page/Product-05.png]
[demo-egenslab.b-cdn.net/html/neckle/preview/assets/img/inner-page/Product-06.png]
[demo-egenslab.b-cdn.net/html/neckle/preview/assets/img/inner-page/Product-07.png]
[demo-egenslab.b-cdn.net/html/neckle/preview/assets/img/inner-page/Product-08.png]
[demo-egenslab.b-cdn.net/html/neckle/preview/assets/img/inner-page/Product-09.png]
[demo-egenslab.b-cdn.net/html/neckle/preview/assets/img/inner-page/Product-10.png]
[demo-egenslab.b-cdn.net/html/neckle/preview/assets/img/inner-page/Product-11.png]
[demo-egenslab.b-cdn.net/html/neckle/preview/assets/img/inner-page/Product-12.png]
[demo-egenslab.b-cdn.net/html/neckle/preview/shop.html]
[demo-egenslab.b-cdn.net/html/neckle/preview/assets/img/inner-page/shop-big-01.png]
[demo-egenslab.b-cdn.net/html/neckle/preview/assets/img/inner-page/shop-big-02.png]
[demo-egenslab.b-cdn.net/html/neckle/preview/assets/img/inner-page/shop-big-03.png]
[demo-egenslab.b-cdn.net/html/neckle/preview/assets/img/inner-page/shop-big-04.png]
[demo-egenslab.b-cdn.net/html/neckle/preview/assets/img/inner-page/shop-sm-01.png]
[demo-egenslab.b-cdn.net/html/neckle/preview/assets/img/inner-page/shop-sm-02.png]
[demo-egenslab.b-cdn.net/html/neckle/preview/assets/img/inner-page/shop-sm-03.png]
[demo-egenslab.b-cdn.net/html/neckle/preview/assets/img/inner-page/shop-sm-04.png]
[demo-egenslab.b-cdn.net/html/neckle/preview/product-details.html]
[demo-egenslab.b-cdn.net/html/neckle/preview/assets/img/inner-page/cart-img1.png]
[demo-egenslab.b-cdn.net/html/neckle/preview/assets/img/inner-page/cart-img2.png]
[demo-egenslab.b-cdn.net/html/neckle/preview/cart.html]
[demo-egenslab.b-cdn.net/html/neckle/preview/assets/img/home1/cart-01.png]
[demo-egenslab.b-cdn.net/html/neckle/preview/assets/img/home1/cart-02.png]
[demo-egenslab.b-cdn.net/html/neckle/preview/assets/img/inner-page/icon/PayPal.svg]
[demo-egenslab.b-cdn.net/html/neckle/preview/assets/img/inner-page/icon/Stripe.svg]
[demo-egenslab.b-cdn.net/html/neckle/preview/checkout.html]
[demo-egenslab.b-cdn.net/html/neckle/preview/assets/img/inner-page/icon/Offline.svg]
[demo-egenslab.b-cdn.net/html/neckle/preview/assets/img/inner-page/blog-st-04.png]
[demo-egenslab.b-cdn.net/html/neckle/preview/blog-standard.html]
[demo-egenslab.b-cdn.net/html/neckle/preview/pricing-plan.html]
[demo-egenslab.b-cdn.net/html/neckle/preview/assets/img/inner-page/thank-you-img.png]
[demo-egenslab.b-cdn.net/html/neckle/preview/assets/img/inner-page/icon/paypal-logo.svg]
[demo-egenslab.b-cdn.net/html/neckle/preview/pricing-checkout.html]
[demo-egenslab.b-cdn.net/html/neckle/preview/assets/img/inner-page/icon/card-icons.svg]
[demo-egenslab.b-cdn.net/html/neckle/preview/assets/img/inner-page/faq-img.png]
[demo-egenslab.b-cdn.net/html/neckle/preview/assets/img/inner-page/inquiery-form-img.png]
[demo-egenslab.b-cdn.net/html/neckle/preview/faq.html]
[demo-egenslab.b-cdn.net/html/neckle/preview/error.html]
[demo-egenslab.b-cdn.net/html/neckle/preview/customer-review.html]
[demo-egenslab.b-cdn.net/html/neckle/preview/return-enchange.html]
[demo-egenslab.b-cdn.net/html/neckle/preview/contact.html]
[demo-egenslab.b-cdn.net/html/neckle/preview/assets/img/inner-page/404.svg]
[demo-egenslab.b-cdn.net/html/neckle/preview/assets/img/dashboard/icon/property-listing-icon.svg]
[demo-egenslab.b-cdn.net/html/neckle/preview/assets/img/dashboard/icon/property-location-icon.svg]
[demo-egenslab.b-cdn.net/html/neckle/preview/assets/img/dashboard/icon/property-information-icon.svg]
[demo-egenslab.b-cdn.net/html/neckle/preview/assets/img/dashboard/icon/upload-img-field-icon.svg]
[demo-egenslab.b-cdn.net/html/neckle/preview/assets/img/dashboard/icon/upload-video-icon.svg]
[demo-egenslab.b-cdn.net/html/neckle/preview/assets/img/dashboard/icon/upload-pdf-icon.svg]
[demo-egenslab.b-cdn.net/html/neckle/preview/assets/img/dashboard/icon/property-price-area-icon.svg]
[demo-egenslab.b-cdn.net/html/neckle/preview/assets/img/dashboard/icon/property-feature-icon.svg]
[demo-egenslab.b-cdn.net/html/neckle/preview/assets/img/dashboard/icon/property-contact-info-icon.svg]
[demo-egenslab.b-cdn.net/html/neckle/preview/assets/img/dashboard/icon/property-facebook-icon.svg]
[demo-egenslab.b-cdn.net/html/neckle/preview/assets/img/dashboard/icon/property-twitter-icon.svg]
[demo-egenslab.b-cdn.net/html/neckle/preview/dashboard-add-property.html]
[demo-egenslab.b-cdn.net/html/neckle/preview/assets/img/home1/icon/trustpilot-star2.svg]
[demo-egenslab.b-cdn.net/html/neckle/preview/assets/img/home2/icon/trustpilot-logo2.svg]
[demo-egenslab.b-cdn.net/html/neckle/preview/assets/img/home2/icon/author-signature.svg]
[demo-egenslab.b-cdn.net/html/neckle/preview/assets/img/home3/about.svg]
[demo-egenslab.b-cdn.net/html/neckle/preview/assets/img/home1/icon/av-project.svg]
[demo-egenslab.b-cdn.net/html/neckle/preview/assets/img/home1/icon/sold-car.svg]
[demo-egenslab.b-cdn.net/html/neckle/preview/assets/img/home1/icon/new-home.svg]
[demo-egenslab.b-cdn.net/html/neckle/preview/assets/img/home1/icon/happy-customar.svg]
[demo-egenslab.b-cdn.net/html/neckle/preview/assets/img/home1/icon/trustpilot-logo.svg]
[demo-egenslab.b-cdn.net/html/neckle/preview/assets/img/home1/icon/bed2.svg]
[demo-egenslab.b-cdn.net/html/neckle/preview/assets/img/home1/icon/bath2.svg]
[demo-egenslab.b-cdn.net/html/neckle/preview/assets/img/home1/icon/size2.svg]
[demo-egenslab.b-cdn.net/html/neckle/preview/assets/img/home1/icon/contact.svg]
[demo-egenslab.b-cdn.net/html/neckle/preview/assets/img/home3/icon/quat.svg]
[demo-egenslab.b-cdn.net/html/neckle/preview/assets/img/home1/icon/trustpilot-star.svg]
[demo-egenslab.b-cdn.net/html/neckle/preview/assets/img/home1/icon/google-app.svg]
[demo-egenslab.b-cdn.net/html/neckle/preview/assets/img/home1/icon/apple-app.svg]
[demo-egenslab.b-cdn.net/html/neckle/preview/assets/img/footer-logo.svg]
[demo-egenslab.b-cdn.net/html/neckle/preview/assets/js/multiple-image-upload.js]
[demo-egenslab.b-cdn.net/html/neckle/preview/assets/webfonts/fa-brands-400.svg]
[demo-egenslab.b-cdn.net/html/neckle/preview/assets/webfonts/fa-regular-400.svg]
[demo-egenslab.b-cdn.net/html/neckle/preview/assets/webfonts/fa-solid-900.svg]
[demo-egenslab.b-cdn.net/html/neckle/preview/assets/css/fonts/slick.svg]
[demo-egenslab.b-cdn.net/html/neckle/preview/assets/fonts/boxiconsd41d.svg]
[demo-egenslab.b-cdn.net/html/neckle/preview/assets/img/inner-page/icon/checkbox-check.svg]
[demo-egenslab.b-cdn.net/html/neckle/preview/assets/img/home1/icon/arrow-left.svg]
[demo-egenslab.b-cdn.net/html/neckle/preview/assets/img/home1/icon/arrow-right.svg]
[demo-egenslab.b-cdn.net/html/neckle/preview/assets/img/home6/icon/banner-shep.svg]
[demo-egenslab.b-cdn.net/html/neckle/preview/assets/img/inner-page/icon/black-sharp.svg]
[demo-egenslab.b-cdn.net/html/neckle/preview/assets/img/inner-page/icon/red-sharp.svg]
[demo-egenslab.b-cdn.net/html/neckle/preview/assets/img/inner-page/icon/checkbox-check2.svg]
[demo-egenslab.b-cdn.net/html/neckle/preview/assets/img/dashboard/icon/dashboard-switch-icon.svg]
[demo-egenslab.b-cdn.net/html/neckle/preview/assets/img/dashboard/icon/add-property-check-icon.svg]
[demo-egenslab.b-cdn.net/html/neckle/preview/assets/img/dashboard/icon/feature-check-icon.svg]
[demo-egenslab.b-cdn.net/html/neckle/preview/assets/img/home1/icon/hotline-icon.svg]
[demo-egenslab.b-cdn.net/html/neckle/preview/assets/img/home1/icon/trstpilot-logo.svg]
[demo-egenslab.b-cdn.net/html/neckle/preview/assets/img/home1/icon/bed.svg]
[demo-egenslab.b-cdn.net/html/neckle/preview/assets/img/home1/icon/bath.svg]
[demo-egenslab.b-cdn.net/html/neckle/preview/assets/img/home1/icon/size.svg]
[demo-egenslab.b-cdn.net/html/neckle/preview/assets/img/home1/icon/gallery-icon-1.svg]
[demo-egenslab.b-cdn.net/html/neckle/preview/assets/img/home1/icon/house.svg]
[demo-egenslab.b-cdn.net/html/neckle/preview/assets/img/home1/icon/affordable.svg]
[demo-egenslab.b-cdn.net/html/neckle/preview/assets/img/home1/icon/guarantee.svg]
[demo-egenslab.b-cdn.net/html/neckle/preview/assets/img/home1/icon/warranty.svg]
[demo-egenslab.b-cdn.net/html/neckle/preview/assets/img/home1/Divider.svg]
[demo-egenslab.b-cdn.net/html/neckle/preview/assets/img/home1/icon/trustpilot-star3.svg]
[demo-egenslab.b-cdn.net/html/neckle/preview/assets/img/home1/icon/trustpilot-log3.svg]
[demo-egenslab.b-cdn.net/html/neckle/preview/assets/img/home1/icon/google3.svg]
[demo-egenslab.b-cdn.net/html/neckle/preview/assets/img/sb-logo.svg]
[demo-egenslab.b-cdn.net/html/neckle/preview/assets/img/home2/icon/home2-logo.svg]
[demo-egenslab.b-cdn.net/html/neckle/preview/assets/img/home2/icon/text-slider-vec.svg]
[demo-egenslab.b-cdn.net/html/neckle/preview/assets/img/home2/icon/home1.svg]
[demo-egenslab.b-cdn.net/html/neckle/preview/assets/img/home2/icon/home.svg]
[demo-egenslab.b-cdn.net/html/neckle/preview/assets/img/home2/icon/industrial.svg]
[demo-egenslab.b-cdn.net/html/neckle/preview/assets/img/home2/icon/devlopment.svg]
[demo-egenslab.b-cdn.net/html/neckle/preview/assets/img/home2/icon/hotel.svg]
[demo-egenslab.b-cdn.net/html/neckle/preview/assets/img/home2/icon/health-care.svg]
[demo-egenslab.b-cdn.net/html/neckle/preview/assets/img/home2/icon/office.svg]
[demo-egenslab.b-cdn.net/html/neckle/preview/assets/img/home2/icon/panama.svg]
[demo-egenslab.b-cdn.net/html/neckle/preview/assets/img/home2/icon/sydne.svg]
[demo-egenslab.b-cdn.net/html/neckle/preview/assets/img/home2/icon/delhi.svg]
[demo-egenslab.b-cdn.net/html/neckle/preview/assets/img/home2/icon/new-work.svg]
[demo-egenslab.b-cdn.net/html/neckle/preview/assets/img/home2/icon/merchester.svg]
[demo-egenslab.b-cdn.net/html/neckle/preview/assets/img/home2/icon/abu-dabi.svg]
[demo-egenslab.b-cdn.net/html/neckle/preview/brand-category.html]
[demo-egenslab.b-cdn.net/html/neckle/preview/assets/img/home2/icon/affordable.svg]
[demo-egenslab.b-cdn.net/html/neckle/preview/assets/img/home2/icon/guarantee.svg]
[demo-egenslab.b-cdn.net/html/neckle/preview/assets/img/home2/icon/outstanding.svg]
[demo-egenslab.b-cdn.net/html/neckle/preview/assets/img/home2/icon/house-1.svg]
[demo-egenslab.b-cdn.net/html/neckle/preview/assets/img/home2/icon/bed1.svg]
[demo-egenslab.b-cdn.net/html/neckle/preview/assets/img/home2/icon/bath1.svg]
[demo-egenslab.b-cdn.net/html/neckle/preview/assets/img/home2/icon/size1.svg]
[demo-egenslab.b-cdn.net/html/neckle/preview/assets/img/home2/icon/loaction.svg]
[demo-egenslab.b-cdn.net/html/neckle/preview/assets/img/home2/icon/contact.svg]
[demo-egenslab.b-cdn.net/html/neckle/preview/assets/img/home2/icon/pay.svg]
[demo-egenslab.b-cdn.net/html/neckle/preview/assets/img/home2/icon/recieve.svg]
[demo-egenslab.b-cdn.net/html/neckle/preview/assets/img/home2/icon/trustpilot-logo3.svg]
[demo-egenslab.b-cdn.net/html/neckle/preview/assets/img/home5/icon/p-complete.svg]
[demo-egenslab.b-cdn.net/html/neckle/preview/assets/img/home5/icon/p-sold.svg]
[demo-egenslab.b-cdn.net/html/neckle/preview/assets/img/home5/icon/experience.svg]
[demo-egenslab.b-cdn.net/html/neckle/preview/assets/img/home5/icon/c-satisfaction.svg]
[demo-egenslab.b-cdn.net/html/neckle/preview/assets/img/home5/icon/banglow.svg]
[demo-egenslab.b-cdn.net/html/neckle/preview/assets/img/home5/icon/apartment.svg]
[demo-egenslab.b-cdn.net/html/neckle/preview/assets/img/home5/icon/devlopment.svg]
[demo-egenslab.b-cdn.net/html/neckle/preview/assets/img/home5/icon/industrial.svg]
[demo-egenslab.b-cdn.net/html/neckle/preview/assets/img/home5/icon/health.svg]
[demo-egenslab.b-cdn.net/html/neckle/preview/assets/img/home5/icon/villa.svg]
[demo-egenslab.b-cdn.net/html/neckle/preview/assets/img/home6/icon/banner-icon.svg]
[demo-egenslab.b-cdn.net/html/neckle/preview/assets/img/white-logo2.svg]
[demo-egenslab.b-cdn.net/html/neckle/preview/assets/img/inner-page/icon/bed.svg]
[demo-egenslab.b-cdn.net/html/neckle/preview/assets/img/inner-page/icon/villa.svg]
[demo-egenslab.b-cdn.net/html/neckle/preview/assets/img/inner-page/icon/bath.svg]
[demo-egenslab.b-cdn.net/html/neckle/preview/assets/img/inner-page/icon/size.svg]
[demo-egenslab.b-cdn.net/html/neckle/preview/assets/img/inner-page/icon/build-year.svg]
[demo-egenslab.b-cdn.net/html/neckle/preview/assets/img/inner-page/icon/garage.svg]
[demo-egenslab.b-cdn.net/html/neckle/preview/assets/img/inner-page/icon/dimension.svg]
[demo-egenslab.b-cdn.net/html/neckle/preview/assets/lesson1.html]
[demo-egenslab.b-cdn.net/html/neckle/preview/lesson1.html]
[demo-egenslab.b-cdn.net/html/neckle/preview/assets/img/flags.png]
[demo-egenslab.b-cdn.net/html/neckle/preview/assets/img/flags@2x.png]
[demo-egenslab.b-cdn.net/html/neckle/preview/assets/css/intlTelInput.css]
[demo-egenslab.b-cdn.net/html/neckle/preview/assets/img/dashboard/icon/dashboard-sidebar-logo.svg]
[demo-egenslab.b-cdn.net/html/neckle/preview/assets/img/dashboard/icon/dashboard-sidebar-sm-logo.svg]
[demo-egenslab.b-cdn.net/html/neckle/preview/assets/img/dashboard/icon/smile-icon.svg]
[demo-egenslab.b-cdn.net/html/neckle/preview/dashboard-profile.html]
[demo-egenslab.b-cdn.net/html/neckle/preview/dashboard-my-listing.html]
[demo-egenslab.b-cdn.net/html/neckle/preview/dashboard-faqs.html]
[demo-egenslab.b-cdn.net/html/neckle/preview/assets/js/drop-zone.js]
[demo-egenslab.b-cdn.net/html/neckle/preview/assets/img/dashboard/icon/mastercard-icon.svg]
[demo-egenslab.b-cdn.net/html/neckle/preview/assets/img/dashboard/icon/visa-icon.svg]
[demo-egenslab.b-cdn.net/html/neckle/preview/assets/img/dashboard/icon/payment-invoice-pdf-icon.svg]
[demo-egenslab.b-cdn.net/html/neckle/preview/assets/img/dashboard/lesson1.pdf]
[demo-egenslab.b-cdn.net/html/neckle/preview/dashboard-subscription.html]
[demo-egenslab.b-cdn.net/html/neckle/preview/assets/img/dashboard/inbox-author-img2.png]
[demo-egenslab.b-cdn.net/html/neckle/preview/assets/img/dashboard/inbox-author-img3.png]
[demo-egenslab.b-cdn.net/html/neckle/preview/assets/img/dashboard/inbox-author-img4.png]
[demo-egenslab.b-cdn.net/html/neckle/preview/assets/img/dashboard/inbox-author-img5.png]
[demo-egenslab.b-cdn.net/html/neckle/preview/assets/img/dashboard/inbox-author-img6.png]
[demo-egenslab.b-cdn.net/html/neckle/preview/assets/img/dashboard/inbox-author-img7.png]
[demo-egenslab.b-cdn.net/html/neckle/preview/assets/img/dashboard/inbox-author-img8.png]
[demo-egenslab.b-cdn.net/html/neckle/preview/assets/img/dashboard/inbox-author-img9.png]
[demo-egenslab.b-cdn.net/html/neckle/preview/assets/img/dashboard/icon/message-input-smile-emoji.svg]
[demo-egenslab.b-cdn.net/html/neckle/preview/dashboard-message.html]
[demo-egenslab.b-cdn.net/html/neckle/preview/assets/img/dashboard/icon/love-icon.svg]
[demo-egenslab.b-cdn.net/html/neckle/preview/assets/img/dashboard/icon/counter-active-property-icon.svg]
[demo-egenslab.b-cdn.net/html/neckle/preview/assets/img/dashboard/icon/counter-expire-property-icon.svg]
[demo-egenslab.b-cdn.net/html/neckle/preview/assets/img/dashboard/icon/counter-pending-property-icon.svg]
[demo-egenslab.b-cdn.net/html/neckle/preview/assets/img/dashboard/icon/counter-delete-property-icon.svg]
[demo-egenslab.b-cdn.net/html/neckle/preview/assets/img/dashboard/icon/counter-area-top-vector.svg]
[demo-egenslab.b-cdn.net/html/neckle/preview/assets/img/dashboard/icon/view-details-icon.svg]
[demo-egenslab.b-cdn.net/html/neckle/preview/assets/img/dashboard/icon/action-edit-btn.svg]
[demo-egenslab.b-cdn.net/html/neckle/preview/assets/img/dashboard/icon/action-delete-btn.svg]
[demo-egenslab.b-cdn.net/html/neckle/preview/assets/img/inner-page/icon/PayPal.svg]
[demo-egenslab.b-cdn.net/html/neckle/preview/assets/img/inner-page/icon/Stripe.svg]
[demo-egenslab.b-cdn.net/html/neckle/preview/assets/img/inner-page/icon/Offline.svg]
[demo-egenslab.b-cdn.net/html/neckle/preview/assets/img/inner-page/icon/paypal-logo.svg]
[demo-egenslab.b-cdn.net/html/neckle/preview/assets/img/inner-page/icon/card-icons.svg]
[demo-egenslab.b-cdn.net/html/neckle/preview/assets/img/inner-page/404.svg]
[demo-egenslab.b-cdn.net/html/neckle/preview/assets/img/dashboard/icon/property-listing-icon.svg]
[demo-egenslab.b-cdn.net/html/neckle/preview/assets/img/dashboard/icon/property-location-icon.svg]
[demo-egenslab.b-cdn.net/html/neckle/preview/assets/img/dashboard/icon/property-information-icon.svg]
[demo-egenslab.b-cdn.net/html/neckle/preview/assets/img/dashboard/icon/upload-img-field-icon.svg]
[demo-egenslab.b-cdn.net/html/neckle/preview/assets/img/dashboard/icon/upload-video-icon.svg]
[demo-egenslab.b-cdn.net/html/neckle/preview/assets/img/dashboard/icon/upload-pdf-icon.svg]
[demo-egenslab.b-cdn.net/html/neckle/preview/assets/img/dashboard/icon/property-price-area-icon.svg]
[demo-egenslab.b-cdn.net/html/neckle/preview/assets/img/dashboard/icon/property-feature-icon.svg]
[demo-egenslab.b-cdn.net/html/neckle/preview/assets/img/dashboard/icon/property-contact-info-icon.svg]
[demo-egenslab.b-cdn.net/html/neckle/preview/assets/img/dashboard/icon/property-facebook-icon.svg]
[demo-egenslab.b-cdn.net/html/neckle/preview/assets/img/dashboard/icon/property-twitter-icon.svg]
[demo-egenslab.b-cdn.net/html/neckle/preview/assets/img/dashboard/icon/smile-icon.svg]
[demo-egenslab.b-cdn.net/html/neckle/preview/assets/img/dashboard/icon/mastercard-icon.svg]
[demo-egenslab.b-cdn.net/html/neckle/preview/assets/img/dashboard/icon/visa-icon.svg]
[demo-egenslab.b-cdn.net/html/neckle/preview/assets/img/dashboard/icon/payment-invoice-pdf-icon.svg]
[demo-egenslab.b-cdn.net/html/neckle/preview/assets/img/dashboard/icon/message-input-smile-emoji.svg]
[demo-egenslab.b-cdn.net/html/neckle/preview/assets/img/dashboard/icon/message-input-send-icon.svg]
[demo-egenslab.b-cdn.net/html/neckle/preview/assets/img/dashboard/icon/message-input-send-icon.svg]
